[..]error: Service discovery key not found. Rerun with --generate=if-needed to generate a new service discovery keypair
